before
/usr/local/google/home/yangguo/node/test/message/stack_overflow.js:14
JSON.stringify(array);
     ^

RangeError: Maximum call stack size exceeded
