my_var1
Object

my_var2
number

my_var1
Object
number

my_var2
number
number

my_var1
Object
number
string

my_var2
number
number
number

my_var1
Object
number
string
number

my_var2
number
number
number
number

my_var1
Object
number
string
number
undefined

my_var2
number
number
number
number
number

my_var1
Object
number
string
number
undefined
string

my_var2
number
number
number
number
number
number

my_var1
Object
number
string
number
undefined
string
Object

my_var2
number
number
number
number
number
number
number

my_var1
Object
number
string
number
undefined
string
Object
Object

my_var2
number
number
number
number
number
number
number
number


Function

MyClass
Function

my_var
MyClass

my_var
MyClass
Object

my_var
MyClass
Object
number

*%(basename)s:34: throw otherwise test fails with --stress-opt
throw "throw otherwise test fails with --stress-opt";
^
